
> obsidian-crate@0.1.0 release:check
> npm run security:check && npm run check && npm run test:pwa-preview && npm run build:plugin && npm run check:css-scope && npm run size-check && npm run verify:release-artifacts && npm run test:pwa-browser


> obsidian-crate@0.1.0 security:check
> npm run security:audit && npm run security:secrets


> obsidian-crate@0.1.0 security:audit
> npm audit --audit-level=low --include=dev

found 0 vulnerabilities

> obsidian-crate@0.1.0 security:secrets
> node scripts/check-secrets.mjs

11:09AM INF 500 commits scanned.
11:09AM INF scanned ~10024312 bytes (10.02 MB) in 1.5s
11:09AM INF no leaks found
11:09AM INF scanned ~4844530 bytes (4.84 MB) in 260ms
11:09AM INF no leaks found
Gitleaks 8.30.1: history and current source passed

> obsidian-crate@0.1.0 check
> npm run lint && npm run typecheck && npm run typecheck:worker && npm run deadcode && npm run notices:check && npm run test:recovery && npm test && npm run test:worker-runtime


> obsidian-crate@0.1.0 lint
> eslint .


> obsidian-crate@0.1.0 typecheck
> tsc -noEmit -skipLibCheck


> obsidian-crate@0.1.0 typecheck:worker
> tsc -p src/cloudflare/worker/tsconfig.json --noEmit -skipLibCheck


> obsidian-crate@0.1.0 deadcode
> knip && knip --production --include files,dependencies


> obsidian-crate@0.1.0 notices:check
> node scripts/generate-third-party-notices.mjs --check

Third-party notices are up to date.

> obsidian-crate@0.1.0 test:recovery
> python3 -m unittest discover -s scripts/recovery -p "test_*.py"

......................
----------------------------------------------------------------------
Ran 22 tests in 0.207s

OK

> obsidian-crate@0.1.0 test
> vitest run


 RUN  v4.1.8 <repository>


 Test Files  215 passed (215)
      Tests  1562 passed (1562)
   Start at  11:10:05
   Duration  8.08s (transform 6.58s, setup 0ms, import 21.08s, tests 9.30s, environment 17ms)


> obsidian-crate@0.1.0 test:worker-runtime
> npm run build:worker && vitest run --config vitest.cloudflare.config.ts


> obsidian-crate@0.1.0 build:worker
> node scripts/build-worker.mjs

PWA client bundle written to .generated/cloudflare/pwa-client.json
Deployable Worker bundle written to .generated/cloudflare/worker.mjs

 RUN  v4.1.8 <repository>

console warning; message = Called .text() on an HTTP body which does not appear to be text. The body's Content-Type is "application/octet-stream". The result will probably be corrupted. Consider checking the Content-Type header before interpreting entities as text.

 Test Files  32 passed (32)
      Tests  225 passed (225)
   Start at  11:10:15
   Duration  70.27s (transform 8.61s, setup 0ms, import 90.00s, tests 93.89s, environment 4ms)


> obsidian-crate@0.1.0 test:pwa-preview
> node scripts/pwa-smoke-test.mjs

PWA client bundle written to .generated/cloudflare/pwa-client.json
Deployable Worker bundle written to .generated/cloudflare/worker.mjs
PWA preview smoke test passed on http://127.0.0.1:57179

> obsidian-crate@0.1.0 build:plugin
> vite build

vite v8.0.16 building client environment for production...

transforming...✓ 1269 modules transformed.
rendering chunks...
computing gzip size...
dist/styles.css    140.11 kB │ gzip:  18.98 kB
dist/main.js     1,438.56 kB │ gzip: 791.45 kB

✓ built in 1.04s

> obsidian-crate@0.1.0 check:css-scope
> node scripts/check-css-scope.mjs

All selectors in dist/styles.css are scoped to Crate-owned classes.
Shadow DOM mount selectors target their classes on the same element.
Shared primary-screen styles are included in the plugin stylesheet.

> obsidian-crate@0.1.0 size-check
> npm run size-check:plugin && npm run size-check:worker && npm run size-check:pwa


> obsidian-crate@0.1.0 size-check:plugin
> node scripts/check-bundle-size.mjs plugin

dist/main.js: raw 1404.85 KiB / budget 1416.02 KiB, gzip 771.15 KiB / budget 800.78 KiB
dist/styles.css: raw 136.83 KiB / budget 138.67 KiB, gzip 18.66 KiB / budget 19.53 KiB

> obsidian-crate@0.1.0 size-check:worker
> node scripts/check-bundle-size.mjs worker

.generated/cloudflare/worker.mjs: raw 1269.91 KiB / budget 1396.48 KiB, gzip 572.65 KiB / budget 600.59 KiB

> obsidian-crate@0.1.0 size-check:pwa
> node scripts/check-bundle-size.mjs pwa

.generated/cloudflare/pwa-client.json#app.js: raw 94.90 KiB / budget 126.95 KiB, gzip 30.42 KiB / budget 41.99 KiB
.generated/cloudflare/pwa-client.json#startup-assets: raw 435.91 KiB / budget 439.45 KiB, gzip 148.38 KiB / budget 150.39 KiB
.generated/cloudflare/pwa-client.json#all-assets: raw 470.00 KiB / budget 473.63 KiB, gzip 161.03 KiB / budget 164.06 KiB

> obsidian-crate@0.1.0 verify:release-artifacts
> node scripts/verify-release-artifacts.mjs

Release artifacts verified for Crate 0.1.0

> obsidian-crate@0.1.0 test:pwa-browser
> node scripts/pwa-cache-test.mjs && node scripts/pwa-cache-recovery-test.mjs && node scripts/pwa-cache-recovery-ui-test.mjs && node scripts/pwa-outbox-recovery-test.mjs && node scripts/pwa-draft-recovery-test.mjs && node scripts/pwa-operation-expiry-test.mjs && node scripts/pwa-focus-test.mjs && node scripts/pwa-ui-performance-test.mjs && node scripts/pwa-safety-test.mjs && node scripts/pwa-auth-recovery-test.mjs && node scripts/pwa-push-registration-test.mjs && node scripts/pwa-source-issues-test.mjs && node scripts/pwa-multitab-test.mjs && node scripts/pwa-clock-test.mjs && node scripts/pwa-optimistic-test.mjs && node scripts/pwa-install-test.mjs && node scripts/pwa-update-test.mjs && node scripts/pwa-capacity-test.mjs && node scripts/pwa-pagination-test.mjs

chromium: cache creation, metadata-only refresh, revision guards and clearing passed
webkit: cache creation, metadata-only refresh, revision guards and clearing passed
chromium: native IndexedDB migration, interruption, blocking, corruption, quota, session isolation and future-format preservation passed
webkit: native IndexedDB migration, interruption, blocking, corruption, quota, session isolation and future-format preservation passed
chromium: built PWA survives blocked startup and damaged offline data; keyboard rebuild and reconnect preserve pending commands and drafts
webkit: built PWA survives blocked startup and damaged offline data; keyboard rebuild and reconnect preserve pending commands and drafts
chromium: damaged entries remain exportable, healthy current/recovered commands sync across tabs, and removal preserves changed or unexported bytes and other folders
webkit: damaged entries remain exportable, healthy current/recovered commands sync across tabs, and removal preserves changed or unexported bytes and other folders
chromium: draft corruption, exact export, reload/close preservation and reviewed removal passed
webkit: draft corruption, exact export, reload/close preservation and reviewed removal passed
chromium: expired changes stop across reload/tabs, export exact requests, require reviewed removal, and new commands use the server clock
webkit: expired changes stop across reload/tabs, export exact requests, require reviewed removal, and new commands use the server clock
PWA client bundle written to .generated/cloudflare/pwa-client.json
Deployable Worker bundle written to .generated/cloudflare/worker.mjs
chromium: synchronous focus, discarded drafts, saving and keyboard-aware deletion passed
webkit: synchronous focus, discarded drafts, saving and keyboard-aware deletion passed
chromium: node reuse, typing, undo/redo, paste, composition, pull layout and viewport batching passed
webkit: node reuse, typing, undo/redo, paste, composition, pull layout and viewport batching passed
PWA client bundle written to .generated/cloudflare/pwa-client.json
Deployable Worker bundle written to .generated/cloudflare/worker.mjs
chromium: ambiguous saves retain optimistic state across reload, replay the same command, and logout clears open tabs
chromium: expired-session recovery, separate browser/install tokens, failed exchange and cross-tab folder replacement passed
webkit: ambiguous saves retain optimistic state across reload, replay the same command, and logout clears open tabs
webkit: expired-session recovery, separate browser/install tokens, failed exchange and cross-tab folder replacement passed
chromium: expired auth and same-folder renewal retain creates, updates and drafts; explicit review retries identical commands, lost responses deduplicate, other folders stay isolated, and logout clears every tab
webkit: expired auth and same-folder renewal retain creates, updates and drafts; explicit review retries identical commands, lost responses deduplicate, other folders stay isolated, and logout clears every tab
chromium: server confirmation gates On; failed/lost registrations retry, renewal/restored rows repair, provider changes and unknown states stay truthful, and late logout cleanup preserves a fresh session
webkit: server confirmation gates On; failed/lost registrations retry, renewal/restored rows repair, provider changes and unknown states stay truthful, and late logout cleanup preserves a fresh session
chromium: partial source warnings persist offline, healthy rows stay editable, repair clears warnings, and legacy cache/ETags force a full response without erasing pending intent
webkit: partial source warnings persist offline, healthy rows stay editable, repair clears warnings, and legacy cache/ETags force a full response without erasing pending intent
PWA client bundle written to .generated/cloudflare/pwa-client.json
Deployable Worker bundle written to .generated/cloudflare/worker.mjs
chromium: three visible tabs converge create, edit, completion, deletion and reorder with either sender; delayed reads and missed confirmations passed
webkit: three visible tabs converge create, edit, completion, deletion and reorder with either sender; delayed reads and missed confirmations passed
PWA client bundle written to .generated/cloudflare/pwa-client.json
Deployable Worker bundle written to .generated/cloudflare/worker.mjs
chromium: midnight plus native 304, exact timed deadlines, counts, labels and clock-jump resume passed
webkit: midnight plus native 304, exact timed deadlines, counts, labels and clock-jump resume passed
PWA client bundle written to .generated/cloudflare/pwa-client.json
Deployable Worker bundle written to .generated/cloudflare/worker.mjs
chromium: optimistic mutations, retained drafts, rollback, reload recovery and idempotent retry passed
webkit: optimistic mutations, retained drafts, rollback, reload recovery and idempotent retry passed
PWA client bundle written to .generated/cloudflare/pwa-client.json
Deployable Worker bundle written to .generated/cloudflare/worker.mjs
chromium: manifest enrollment survives refresh, failed renewal, A → B → A, logout and fresh enrollment
chromium: document enrollment survives refresh, failed renewal, A → B → A, logout and fresh enrollment
chromium: cookie enrollment survives refresh, failed renewal, A → B → A, logout and fresh enrollment
chromium: retry enrollment survives refresh, failed renewal, A → B → A, logout and fresh enrollment
chromium: concurrent tabs redeem once and pending renewal cannot reverse logout
chromium: without Web Locks, late failed replacement preserves another tab's renewed session
webkit: manifest enrollment survives refresh, failed renewal, A → B → A, logout and fresh enrollment
webkit: document enrollment survives refresh, failed renewal, A → B → A, logout and fresh enrollment
webkit: cookie enrollment survives refresh, failed renewal, A → B → A, logout and fresh enrollment
webkit: retry enrollment survives refresh, failed renewal, A → B → A, logout and fresh enrollment
webkit: concurrent tabs redeem once and pending renewal cannot reverse logout
webkit: without Web Locks, late failed replacement preserves another tab's renewed session
chromium: Safari update → manifest installation → repeated Home Screen launch passed
chromium: Safari update → cookie installation → repeated Home Screen launch passed
webkit: Safari update → manifest installation → repeated Home Screen launch passed
webkit: Safari update → cookie installation → repeated Home Screen launch passed
PWA client bundle written to .generated/cloudflare/pwa-client.json
Deployable Worker bundle written to .generated/cloudflare/worker.mjs
{"browser":"chromium","reminders":1000,"payloadBytes":227712,"firstListMs":193,"openEditorMs":145,"saveMs":602,"navigateAwayMs":30,"navigateBackMs":69,"renderedCards":200,"domElements":3334,"rowContentVisibility":"visible","rendering":"paginated","pageSize":200,"viewportVirtualized":false}
{"browser":"chromium","reminders":10000,"payloadBytes":2306714,"firstListMs":224,"openEditorMs":143,"saveMs":1219,"navigateAwayMs":34,"navigateBackMs":78,"renderedCards":200,"domElements":3379,"rowContentVisibility":"visible","rendering":"paginated","pageSize":200,"viewportVirtualized":false}
{"browser":"webkit","reminders":1000,"payloadBytes":227712,"firstListMs":251,"openEditorMs":152,"saveMs":1384,"navigateAwayMs":60,"navigateBackMs":100,"renderedCards":200,"domElements":3334,"rowContentVisibility":"visible","rendering":"paginated","pageSize":200,"viewportVirtualized":false}
{"browser":"webkit","reminders":10000,"payloadBytes":2306714,"firstListMs":318,"openEditorMs":158,"saveMs":1896,"navigateAwayMs":49,"navigateBackMs":102,"renderedCards":200,"domElements":3379,"rowContentVisibility":"visible","rendering":"paginated","pageSize":200,"viewportVirtualized":false}
PWA client bundle written to .generated/cloudflare/pwa-client.json
Deployable Worker bundle written to .generated/cloudflare/worker.mjs
{"browser":"chromium","views":["today","upcoming","completed","project"],"reminders":401,"pageSize":200,"allRemindersReachable":true,"selectFocusPreserved":true,"lastPageDeletionClamped":true,"completeOrderPreserved":true,"reorderRuns":3,"deletionFocus":{"tag":"DIV","label":"Pagination reminder 001. Press Enter to edit reminder.","onBody":false,"inDialog":false}}
{"browser":"webkit","views":["today","upcoming","completed","project"],"reminders":401,"pageSize":200,"allRemindersReachable":true,"selectFocusPreserved":true,"lastPageDeletionClamped":true,"completeOrderPreserved":true,"reorderRuns":3,"deletionFocus":{"tag":"DIV","label":"Pagination reminder 001. Press Enter to edit reminder.","onBody":false,"inDialog":false}}
