
> obsidian-crate@0.1.0 test:visual
> playwright test

[2m[WebServer] [22m(node:71593) Warning: The 'NO_COLOR' env is ignored due to the 'FORCE_COLOR' env being set.
[2m[WebServer] [22m(Use `node --trace-warnings ...` to show where the warning was created)

Running 48 tests using 4 workers

(node:71600) Warning: The 'NO_COLOR' env is ignored due to the 'FORCE_COLOR' env being set.
(Use `node --trace-warnings ...` to show where the warning was created)
(node:71601) Warning: The 'NO_COLOR' env is ignored due to the 'FORCE_COLOR' env being set.
(Use `node --trace-warnings ...` to show where the warning was created)
(node:71599) Warning: The 'NO_COLOR' env is ignored due to the 'FORCE_COLOR' env being set.
(Use `node --trace-warnings ...` to show where the warning was created)
(node:71598) Warning: The 'NO_COLOR' env is ignored due to the 'FORCE_COLOR' env being set.
(Use `node --trace-warnings ...` to show where the warning was created)
(node:71598) Warning: The 'NO_COLOR' env is ignored due to the 'FORCE_COLOR' env being set.
(Use `node --trace-warnings ...` to show where the warning was created)
(node:71599) Warning: The 'NO_COLOR' env is ignored due to the 'FORCE_COLOR' env being set.
(Use `node --trace-warnings ...` to show where the warning was created)
(node:71600) Warning: The 'NO_COLOR' env is ignored due to the 'FORCE_COLOR' env being set.
(Use `node --trace-warnings ...` to show where the warning was created)
(node:71601) Warning: The 'NO_COLOR' env is ignored due to the 'FORCE_COLOR' env being set.
(Use `node --trace-warnings ...` to show where the warning was created)
  ✓   2 tests/visual/shared-ui.spec.ts:7:9 › plugin light 390 date (1.4s)
  ✓   4 tests/visual/shared-ui.spec.ts:7:9 › plugin light 390 cards (1.4s)
  ✓   3 tests/visual/shared-ui.spec.ts:7:9 › plugin light 390 editor (1.5s)
  ✓   1 tests/visual/shared-ui.spec.ts:7:9 › plugin light 390 project (1.5s)
  ✓   6 tests/visual/shared-ui.spec.ts:7:9 › plugin light 390 monthly (716ms)
  ✓   5 tests/visual/shared-ui.spec.ts:7:9 › plugin light 390 weekly (811ms)
  ✓   7 tests/visual/shared-ui.spec.ts:7:9 › plugin light 1280 cards (834ms)
  ✓   8 tests/visual/shared-ui.spec.ts:7:9 › plugin light 1280 editor (980ms)
  ✓   9 tests/visual/shared-ui.spec.ts:7:9 › plugin light 1280 date (782ms)
  ✓  10 tests/visual/shared-ui.spec.ts:7:9 › plugin light 1280 project (805ms)
  ✓  11 tests/visual/shared-ui.spec.ts:7:9 › plugin light 1280 weekly (860ms)
  ✓  12 tests/visual/shared-ui.spec.ts:7:9 › plugin light 1280 monthly (724ms)
  ✓  13 tests/visual/shared-ui.spec.ts:7:9 › plugin dark 390 cards (554ms)
  ✓  14 tests/visual/shared-ui.spec.ts:7:9 › plugin dark 390 editor (597ms)
  ✓  15 tests/visual/shared-ui.spec.ts:7:9 › plugin dark 390 date (736ms)
  ✓  16 tests/visual/shared-ui.spec.ts:7:9 › plugin dark 390 project (731ms)
  ✓  17 tests/visual/shared-ui.spec.ts:7:9 › plugin dark 390 weekly (680ms)
  ✓  18 tests/visual/shared-ui.spec.ts:7:9 › plugin dark 390 monthly (608ms)
  ✓  19 tests/visual/shared-ui.spec.ts:7:9 › plugin dark 1280 cards (611ms)
  ✓  20 tests/visual/shared-ui.spec.ts:7:9 › plugin dark 1280 editor (699ms)
  ✓  21 tests/visual/shared-ui.spec.ts:7:9 › plugin dark 1280 date (520ms)
  ✓  22 tests/visual/shared-ui.spec.ts:7:9 › plugin dark 1280 project (674ms)
  ✓  23 tests/visual/shared-ui.spec.ts:7:9 › plugin dark 1280 weekly (606ms)
  ✓  24 tests/visual/shared-ui.spec.ts:7:9 › plugin dark 1280 monthly (525ms)
  ✓  25 tests/visual/shared-ui.spec.ts:7:9 › pwa light 390 cards (658ms)
  ✓  26 tests/visual/shared-ui.spec.ts:7:9 › pwa light 390 editor (589ms)
  ✓  27 tests/visual/shared-ui.spec.ts:7:9 › pwa light 390 date (565ms)
  ✓  28 tests/visual/shared-ui.spec.ts:7:9 › pwa light 390 project (491ms)
  ✓  29 tests/visual/shared-ui.spec.ts:7:9 › pwa light 390 weekly (792ms)
  ✓  30 tests/visual/shared-ui.spec.ts:7:9 › pwa light 390 monthly (736ms)
  ✓  31 tests/visual/shared-ui.spec.ts:7:9 › pwa light 1280 cards (614ms)
  ✓  32 tests/visual/shared-ui.spec.ts:7:9 › pwa light 1280 editor (716ms)
  ✓  33 tests/visual/shared-ui.spec.ts:7:9 › pwa light 1280 date (699ms)
  ✓  34 tests/visual/shared-ui.spec.ts:7:9 › pwa light 1280 project (697ms)
  ✓  35 tests/visual/shared-ui.spec.ts:7:9 › pwa light 1280 weekly (678ms)
  ✓  36 tests/visual/shared-ui.spec.ts:7:9 › pwa light 1280 monthly (612ms)
  ✓  38 tests/visual/shared-ui.spec.ts:7:9 › pwa dark 390 editor (590ms)
  ✓  37 tests/visual/shared-ui.spec.ts:7:9 › pwa dark 390 cards (608ms)
  ✓  39 tests/visual/shared-ui.spec.ts:7:9 › pwa dark 390 date (596ms)
  ✓  40 tests/visual/shared-ui.spec.ts:7:9 › pwa dark 390 project (710ms)
  ✓  42 tests/visual/shared-ui.spec.ts:7:9 › pwa dark 390 monthly (605ms)
  ✓  41 tests/visual/shared-ui.spec.ts:7:9 › pwa dark 390 weekly (633ms)
  ✓  43 tests/visual/shared-ui.spec.ts:7:9 › pwa dark 1280 cards (577ms)
  ✓  44 tests/visual/shared-ui.spec.ts:7:9 › pwa dark 1280 editor (594ms)
  ✓  46 tests/visual/shared-ui.spec.ts:7:9 › pwa dark 1280 project (574ms)
  ✓  45 tests/visual/shared-ui.spec.ts:7:9 › pwa dark 1280 date (589ms)
  ✓  47 tests/visual/shared-ui.spec.ts:7:9 › pwa dark 1280 weekly (642ms)
  ✓  48 tests/visual/shared-ui.spec.ts:7:9 › pwa dark 1280 monthly (467ms)

  48 passed (13.3s)
