
> obsidian-crate@0.1.0 typecheck:visual
> tsc -p tests/visual/tsconfig.json


> obsidian-crate@0.1.0 test:visual
> playwright test --workers=2

[2m[WebServer] [22m(node:86587) Warning: The 'NO_COLOR' env is ignored due to the 'FORCE_COLOR' env being set.
[2m[WebServer] [22m(Use `node --trace-warnings ...` to show where the warning was created)

Running 48 tests using 2 workers

(node:86649) Warning: The 'NO_COLOR' env is ignored due to the 'FORCE_COLOR' env being set.
(Use `node --trace-warnings ...` to show where the warning was created)
(node:86648) Warning: The 'NO_COLOR' env is ignored due to the 'FORCE_COLOR' env being set.
(Use `node --trace-warnings ...` to show where the warning was created)
(node:86649) Warning: The 'NO_COLOR' env is ignored due to the 'FORCE_COLOR' env being set.
(Use `node --trace-warnings ...` to show where the warning was created)
(node:86648) Warning: The 'NO_COLOR' env is ignored due to the 'FORCE_COLOR' env being set.
(Use `node --trace-warnings ...` to show where the warning was created)
  ✓   1 tests/visual/shared-ui.spec.ts:7:9 › plugin light 390 cards (698ms)
  ✓   2 tests/visual/shared-ui.spec.ts:7:9 › plugin light 390 editor (725ms)
  ✓   3 tests/visual/shared-ui.spec.ts:7:9 › plugin light 390 date (336ms)
  ✓   4 tests/visual/shared-ui.spec.ts:7:9 › plugin light 390 project (373ms)
  ✓   5 tests/visual/shared-ui.spec.ts:7:9 › plugin light 390 weekly (488ms)
  ✓   6 tests/visual/shared-ui.spec.ts:7:9 › plugin light 390 monthly (505ms)
  ✓   7 tests/visual/shared-ui.spec.ts:7:9 › plugin light 1280 cards (388ms)
  ✓   8 tests/visual/shared-ui.spec.ts:7:9 › plugin light 1280 editor (476ms)
  ✓   9 tests/visual/shared-ui.spec.ts:7:9 › plugin light 1280 date (390ms)
  ✓  10 tests/visual/shared-ui.spec.ts:7:9 › plugin light 1280 project (362ms)
  ✓  11 tests/visual/shared-ui.spec.ts:7:9 › plugin light 1280 weekly (441ms)
  ✓  12 tests/visual/shared-ui.spec.ts:7:9 › plugin light 1280 monthly (411ms)
  ✓  13 tests/visual/shared-ui.spec.ts:7:9 › plugin dark 390 cards (440ms)
  ✓  14 tests/visual/shared-ui.spec.ts:7:9 › plugin dark 390 editor (445ms)
  ✓  15 tests/visual/shared-ui.spec.ts:7:9 › plugin dark 390 date (401ms)
  ✓  16 tests/visual/shared-ui.spec.ts:7:9 › plugin dark 390 project (328ms)
  ✓  17 tests/visual/shared-ui.spec.ts:7:9 › plugin dark 390 weekly (341ms)
  ✓  18 tests/visual/shared-ui.spec.ts:7:9 › plugin dark 390 monthly (322ms)
  ✓  19 tests/visual/shared-ui.spec.ts:7:9 › plugin dark 1280 cards (300ms)
  ✓  20 tests/visual/shared-ui.spec.ts:7:9 › plugin dark 1280 editor (321ms)
  ✓  21 tests/visual/shared-ui.spec.ts:7:9 › plugin dark 1280 date (314ms)
  ✓  22 tests/visual/shared-ui.spec.ts:7:9 › plugin dark 1280 project (319ms)
  ✓  23 tests/visual/shared-ui.spec.ts:7:9 › plugin dark 1280 weekly (344ms)
  ✓  24 tests/visual/shared-ui.spec.ts:7:9 › plugin dark 1280 monthly (327ms)
  ✓  25 tests/visual/shared-ui.spec.ts:7:9 › pwa light 390 cards (344ms)
  ✓  26 tests/visual/shared-ui.spec.ts:7:9 › pwa light 390 editor (375ms)
  ✓  27 tests/visual/shared-ui.spec.ts:7:9 › pwa light 390 date (340ms)
  ✓  28 tests/visual/shared-ui.spec.ts:7:9 › pwa light 390 project (341ms)
  ✓  29 tests/visual/shared-ui.spec.ts:7:9 › pwa light 390 weekly (367ms)
  ✓  30 tests/visual/shared-ui.spec.ts:7:9 › pwa light 390 monthly (347ms)
  ✓  31 tests/visual/shared-ui.spec.ts:7:9 › pwa light 1280 cards (361ms)
  ✓  32 tests/visual/shared-ui.spec.ts:7:9 › pwa light 1280 editor (374ms)
  ✓  33 tests/visual/shared-ui.spec.ts:7:9 › pwa light 1280 date (368ms)
  ✓  34 tests/visual/shared-ui.spec.ts:7:9 › pwa light 1280 project (360ms)
  ✓  35 tests/visual/shared-ui.spec.ts:7:9 › pwa light 1280 weekly (375ms)
  ✓  36 tests/visual/shared-ui.spec.ts:7:9 › pwa light 1280 monthly (371ms)
  ✓  37 tests/visual/shared-ui.spec.ts:7:9 › pwa dark 390 cards (308ms)
  ✓  38 tests/visual/shared-ui.spec.ts:7:9 › pwa dark 390 editor (327ms)
  ✓  39 tests/visual/shared-ui.spec.ts:7:9 › pwa dark 390 date (343ms)
  ✓  40 tests/visual/shared-ui.spec.ts:7:9 › pwa dark 390 project (334ms)
  ✓  41 tests/visual/shared-ui.spec.ts:7:9 › pwa dark 390 weekly (352ms)
  ✓  42 tests/visual/shared-ui.spec.ts:7:9 › pwa dark 390 monthly (347ms)
  ✓  43 tests/visual/shared-ui.spec.ts:7:9 › pwa dark 1280 cards (335ms)
  ✓  44 tests/visual/shared-ui.spec.ts:7:9 › pwa dark 1280 editor (346ms)
  ✓  45 tests/visual/shared-ui.spec.ts:7:9 › pwa dark 1280 date (323ms)
  ✓  46 tests/visual/shared-ui.spec.ts:7:9 › pwa dark 1280 project (329ms)
  ✓  47 tests/visual/shared-ui.spec.ts:7:9 › pwa dark 1280 weekly (414ms)
  ✓  48 tests/visual/shared-ui.spec.ts:7:9 › pwa dark 1280 monthly (323ms)

  48 passed (12.7s)
