
> obsidian-crate@0.1.0 test:visual
> playwright test

[2m[WebServer] [22m(node:39755) Warning: The 'NO_COLOR' env is ignored due to the 'FORCE_COLOR' env being set.
[2m[WebServer] [22m(Use `node --trace-warnings ...` to show where the warning was created)

Running 48 tests using 4 workers

(node:39759) Warning: The 'NO_COLOR' env is ignored due to the 'FORCE_COLOR' env being set.
(Use `node --trace-warnings ...` to show where the warning was created)
(node:39757) Warning: The 'NO_COLOR' env is ignored due to the 'FORCE_COLOR' env being set.
(Use `node --trace-warnings ...` to show where the warning was created)
(node:39758) Warning: The 'NO_COLOR' env is ignored due to the 'FORCE_COLOR' env being set.
(Use `node --trace-warnings ...` to show where the warning was created)
(node:39760) Warning: The 'NO_COLOR' env is ignored due to the 'FORCE_COLOR' env being set.
(Use `node --trace-warnings ...` to show where the warning was created)
(node:39757) Warning: The 'NO_COLOR' env is ignored due to the 'FORCE_COLOR' env being set.
(Use `node --trace-warnings ...` to show where the warning was created)
(node:39759) Warning: The 'NO_COLOR' env is ignored due to the 'FORCE_COLOR' env being set.
(Use `node --trace-warnings ...` to show where the warning was created)
(node:39758) Warning: The 'NO_COLOR' env is ignored due to the 'FORCE_COLOR' env being set.
(Use `node --trace-warnings ...` to show where the warning was created)
(node:39760) Warning: The 'NO_COLOR' env is ignored due to the 'FORCE_COLOR' env being set.
(Use `node --trace-warnings ...` to show where the warning was created)
  ✓   2 tests/visual/shared-ui.spec.ts:7:9 › plugin light 390 cards (1.5s)
  ✓   4 tests/visual/shared-ui.spec.ts:7:9 › plugin light 390 date (1.5s)
  ✓   3 tests/visual/shared-ui.spec.ts:7:9 › plugin light 390 editor (1.5s)
  ✓   1 tests/visual/shared-ui.spec.ts:7:9 › plugin light 390 project (1.5s)
  ✓   5 tests/visual/shared-ui.spec.ts:7:9 › plugin light 390 weekly (913ms)
  ✓   6 tests/visual/shared-ui.spec.ts:7:9 › plugin light 390 monthly (904ms)
  ✓   7 tests/visual/shared-ui.spec.ts:7:9 › plugin light 1280 cards (913ms)
  ✓   8 tests/visual/shared-ui.spec.ts:7:9 › plugin light 1280 editor (972ms)
  ✓   9 tests/visual/shared-ui.spec.ts:7:9 › plugin light 1280 date (504ms)
  ✓  10 tests/visual/shared-ui.spec.ts:7:9 › plugin light 1280 project (585ms)
  ✓  11 tests/visual/shared-ui.spec.ts:7:9 › plugin light 1280 weekly (700ms)
  ✓  12 tests/visual/shared-ui.spec.ts:7:9 › plugin light 1280 monthly (648ms)
  ✓  13 tests/visual/shared-ui.spec.ts:7:9 › plugin dark 390 cards (581ms)
  ✓  14 tests/visual/shared-ui.spec.ts:7:9 › plugin dark 390 editor (513ms)
  ✓  15 tests/visual/shared-ui.spec.ts:7:9 › plugin dark 390 date (477ms)
  ✓  16 tests/visual/shared-ui.spec.ts:7:9 › plugin dark 390 project (638ms)
  ✓  17 tests/visual/shared-ui.spec.ts:7:9 › plugin dark 390 weekly (563ms)
  ✓  18 tests/visual/shared-ui.spec.ts:7:9 › plugin dark 390 monthly (524ms)
  ✓  19 tests/visual/shared-ui.spec.ts:7:9 › plugin dark 1280 cards (510ms)
  ✓  20 tests/visual/shared-ui.spec.ts:7:9 › plugin dark 1280 editor (556ms)
  ✓  21 tests/visual/shared-ui.spec.ts:7:9 › plugin dark 1280 date (556ms)
  ✓  22 tests/visual/shared-ui.spec.ts:7:9 › plugin dark 1280 project (650ms)
  ✓  23 tests/visual/shared-ui.spec.ts:7:9 › plugin dark 1280 weekly (773ms)
  ✓  24 tests/visual/shared-ui.spec.ts:7:9 › plugin dark 1280 monthly (688ms)
  ✓  25 tests/visual/shared-ui.spec.ts:7:9 › pwa light 390 cards (642ms)
  ✓  26 tests/visual/shared-ui.spec.ts:7:9 › pwa light 390 editor (772ms)
  ✓  27 tests/visual/shared-ui.spec.ts:7:9 › pwa light 390 date (859ms)
  ✓  28 tests/visual/shared-ui.spec.ts:7:9 › pwa light 390 project (939ms)
  ✓  29 tests/visual/shared-ui.spec.ts:7:9 › pwa light 390 weekly (1.0s)
  ✓  30 tests/visual/shared-ui.spec.ts:7:9 › pwa light 390 monthly (691ms)
  ✓  31 tests/visual/shared-ui.spec.ts:7:9 › pwa light 1280 cards (827ms)
  ✓  32 tests/visual/shared-ui.spec.ts:7:9 › pwa light 1280 editor (1.0s)
  ✓  33 tests/visual/shared-ui.spec.ts:7:9 › pwa light 1280 date (782ms)
  ✓  34 tests/visual/shared-ui.spec.ts:7:9 › pwa light 1280 project (975ms)
  ✓  35 tests/visual/shared-ui.spec.ts:7:9 › pwa light 1280 weekly (1.4s)
  ✓  36 tests/visual/shared-ui.spec.ts:7:9 › pwa light 1280 monthly (1.0s)
  ✓  37 tests/visual/shared-ui.spec.ts:7:9 › pwa dark 390 cards (959ms)
  ✓  38 tests/visual/shared-ui.spec.ts:7:9 › pwa dark 390 editor (1.1s)
  ✓  39 tests/visual/shared-ui.spec.ts:7:9 › pwa dark 390 date (781ms)
  ✓  40 tests/visual/shared-ui.spec.ts:7:9 › pwa dark 390 project (1.5s)
  ✓  42 tests/visual/shared-ui.spec.ts:7:9 › pwa dark 390 monthly (1.0s)
  ✓  41 tests/visual/shared-ui.spec.ts:7:9 › pwa dark 390 weekly (1.5s)
  ✓  43 tests/visual/shared-ui.spec.ts:7:9 › pwa dark 1280 cards (906ms)
  ✓  44 tests/visual/shared-ui.spec.ts:7:9 › pwa dark 1280 editor (813ms)
  ✓  45 tests/visual/shared-ui.spec.ts:7:9 › pwa dark 1280 date (802ms)
  ✓  46 tests/visual/shared-ui.spec.ts:7:9 › pwa dark 1280 project (807ms)
  ✓  47 tests/visual/shared-ui.spec.ts:7:9 › pwa dark 1280 weekly (1.1s)
  ✓  48 tests/visual/shared-ui.spec.ts:7:9 › pwa dark 1280 monthly (511ms)

  48 passed (15.0s)
